// Jest Snapshot v1, https://goo.gl/fbAQLP

exports[`Add Friend Form should render form component 1`] = `
<div
  style={
    Object {
      "alignItems": "baseline",
      "display": "flex",
      "justifyContent": "center",
    }
  }
>
  <div
    style={
      Object {
        "alignItems": "baseline",
        "display": "flex",
        "flexDirection": "column",
        "marginRight": 20,
      }
    }
  >
    <input
      id="fullname"
      onChange={[Function]}
      placeholder="Enter full name of friend"
    />
  </div>
  <button
    id="add_friend"
    onClick={[Function]}
  >
    Add Firend
  </button>
</div>
`;
